[
{"message":"invalid area","data":{"type":"area","user":"","uid":0,"timestamp_seconds_since_epoch":0,"visible":true,"changeset":0,"version":0,"id":1923483,"name":"Robbinsville Township","properties":{"name":"Robbinsville Township","is_in":"USA, New Jersey","place":"township","boundary":"administrative","old_name":"Washington Township","admin_level":"8","border_type":"township","is_in:state":"New Jersey","is_in:county":"Mercer, NJ","is_in:country":"USA","is_in:iso_3166_2":"US:NJ","is_in:state_code":"NJ","is_in:country_code":"US"}}}
]
